<html>
<body>
<pre>
<h1>µVision Build Log</h1>
<h2>Tool Versions:</h2>
IDE-Version: µVision V5.37.0.0
Copyright (C) 2022 ARM Ltd and ARM Germany GmbH. All rights reserved.
License Information: Vika James, KPI, LIC=----
 
Tool Versions:
Toolchain:       MDK-Lite  Version: 5.37.0.0
Toolchain Path:  C:\Keil_v5\ARM\ARMCLANG\Bin
C Compiler:      ArmClang.exe V6.18
Assembler:       Armasm.exe V6.18
Linker/Locator:  ArmLink.exe V6.18
Library Manager: ArmAr.exe V6.18
Hex Converter:   FromElf.exe V6.18
CPU DLL:         SARMCM3.DLL V5.37.0.0
Dialog DLL:      DCM.DLL V1.17.5.0
Target DLL:      UL2CM3.DLL V1.164.7.0
Dialog DLL:      TCM.DLL V1.56.1.0
 
<h2>Project:</h2>
C:\Users\vikak\OneDrive\Робочий стіл\Магістратура\Радіо керування\Самохатній\Лаб1\Lab1.uvprojx
Project File Date:  12/09/2022

<h2>Output:</h2>
*** Using Compiler 'V6.18', folder: 'C:\Keil_v5\ARM\ARMCLANG\Bin'
Rebuild target 'Target 1'
RTE/Device/STM32F103C8/system_stm32f10x.c(166): warning: no previous extern declaration for non-static variable 'AHBPrescTable' [-Wmissing-variable-declarations]
__I uint8_t AHBPrescTable[16] = {0, 0, 0, 0, 0, 0, 0, 0, 1, 2, 3, 4, 6, 7, 8, 9};
            ^
RTE/Device/STM32F103C8/system_stm32f10x.c(166): note: declare 'static' if the variable is not intended to be used outside of this translation unit
__I uint8_t AHBPrescTable[16] = {0, 0, 0, 0, 0, 0, 0, 0, 1, 2, 3, 4, 6, 7, 8, 9};
    ^
1 warning generated.
compiling system_stm32f10x.c...
C:/Users/vikak/AppData/Local/Arm/Packs/Keil/STM32F1xx_DFP/2.4.0/Device/StdPeriph_Driver/src/misc.c(131): warning: implicit conversion loses integer precision: 'uint32_t' (aka 'unsigned int') to 'uint8_t' (aka 'unsigned char') [-Wimplicit-int-conversion]
    NVIC->IP[NVIC_InitStruct->NVIC_IRQChannel] = tmppriority;
                                               ~ ^~~~~~~~~~~
1 warning generated.
compiling misc.c...
assembling startup_stm32f10x_md.s...
main.cpp(10): warning: no previous prototype for function 'delay' [-Wmissing-prototypes]
void delay(int millis) {
     ^
main.cpp(10): note: declare 'static' if the function is not intended to be used outside of this translation unit
void delay(int millis) {
^
static 
main.cpp(19): warning: use of old-style cast [-Wold-style-cast]
  RCC_APB2PeriphClockCmd(RCC_APB2Periph_GPIOB, ENABLE);
                         ^~~~~~~~~~~~~~~~~~~~
C:/Users/vikak/AppData/Local/Arm/Packs/Keil/STM32F1xx_DFP/2.4.0/Device/StdPeriph_Driver/inc\stm32f10x_rcc.h(498): note: expanded from macro 'RCC_APB2Periph_GPIOB'
#define RCC_APB2Periph_GPIOB             ((uint32_t)0x00000008)
                                          ^         ~~~~~~~~~~
main.cpp(21): warning: use of old-style cast [-Wold-style-cast]
  GPIO_InitStructure.GPIO_Pin = GPIO_Pin_13;
                                ^~~~~~~~~~~
C:/Users/vikak/AppData/Local/Arm/Packs/Keil/STM32F1xx_DFP/2.4.0/Device/StdPeriph_Driver/inc\stm32f10x_gpio.h(139): note: expanded from macro 'GPIO_Pin_13'
#define GPIO_Pin_13                ((uint16_t)0x2000)  /*!< Pin 13 selected */
                                    ^         ~~~~~~
main.cpp(24): warning: use of old-style cast [-Wold-style-cast]
  GPIO_Init(GPIOB, &GPIO_InitStructure);        
            ^~~~~
C:/Users/vikak/AppData/Local/Arm/Packs/Keil/STM32F1xx_DFP/2.4.0/Device/Include\stm32f10x.h(1417): note: expanded from macro 'GPIOB'
#define GPIOB               ((GPIO_TypeDef *) GPIOB_BASE)
                                              ^~~~~~~~~~
C:/Users/vikak/AppData/Local/Arm/Packs/Keil/STM32F1xx_DFP/2.4.0/Device/Include\stm32f10x.h(1324): note: expanded from macro 'GPIOB_BASE'
#define GPIOB_BASE            (APB2PERIPH_BASE + 0x0C00)
                               ^~~~~~~~~~~~~~~
C:/Users/vikak/AppData/Local/Arm/Packs/Keil/STM32F1xx_DFP/2.4.0/Device/Include\stm32f10x.h(1291): note: expanded from macro 'APB2PERIPH_BASE'
#define APB2PERIPH_BASE       (PERIPH_BASE + 0x10000)
                               ^~~~~~~~~~~
C:/Users/vikak/AppData/Local/Arm/Packs/Keil/STM32F1xx_DFP/2.4.0/Device/Include\stm32f10x.h(1282): note: expanded from macro 'PERIPH_BASE'
#define PERIPH_BASE           ((uint32_t)0x40000000) /*!< Peripheral base address in the alias region */
                               ^         ~~~~~~~~~~
main.cpp(24): warning: use of old-style cast [-Wold-style-cast]
  GPIO_Init(GPIOB, &GPIO_InitStructure);        
            ^~~~~
C:/Users/vikak/AppData/Local/Arm/Packs/Keil/STM32F1xx_DFP/2.4.0/Device/Include\stm32f10x.h(1417): note: expanded from macro 'GPIOB'
#define GPIOB               ((GPIO_TypeDef *) GPIOB_BASE)
                             ^                ~~~~~~~~~~
main.cpp(27): warning: use of old-style cast [-Wold-style-cast]
        GPIO_SetBits(GPIOB, GPIO_Pin_13);
                     ^~~~~
C:/Users/vikak/AppData/Local/Arm/Packs/Keil/STM32F1xx_DFP/2.4.0/Device/Include\stm32f10x.h(1417): note: expanded from macro 'GPIOB'
#define GPIOB               ((GPIO_TypeDef *) GPIOB_BASE)
                                              ^~~~~~~~~~
C:/Users/vikak/AppData/Local/Arm/Packs/Keil/STM32F1xx_DFP/2.4.0/Device/Include\stm32f10x.h(1324): note: expanded from macro 'GPIOB_BASE'
#define GPIOB_BASE            (APB2PERIPH_BASE + 0x0C00)
                               ^~~~~~~~~~~~~~~
C:/Users/vikak/AppData/Local/Arm/Packs/Keil/STM32F1xx_DFP/2.4.0/Device/Include\stm32f10x.h(1291): note: expanded from macro 'APB2PERIPH_BASE'
#define APB2PERIPH_BASE       (PERIPH_BASE + 0x10000)
                               ^~~~~~~~~~~
C:/Users/vikak/AppData/Local/Arm/Packs/Keil/STM32F1xx_DFP/2.4.0/Device/Include\stm32f10x.h(1282): note: expanded from macro 'PERIPH_BASE'
#define PERIPH_BASE           ((uint32_t)0x40000000) /*!< Peripheral base address in the alias region */
                               ^         ~~~~~~~~~~
main.cpp(27): warning: use of old-style cast [-Wold-style-cast]
        GPIO_SetBits(GPIOB, GPIO_Pin_13);
                     ^~~~~
C:/Users/vikak/AppData/Local/Arm/Packs/Keil/STM32F1xx_DFP/2.4.0/Device/Include\stm32f10x.h(1417): note: expanded from macro 'GPIOB'
#define GPIOB               ((GPIO_TypeDef *) GPIOB_BASE)
                             ^                ~~~~~~~~~~
main.cpp(27): warning: use of old-style cast [-Wold-style-cast]
        GPIO_SetBits(GPIOB, GPIO_Pin_13);
                            ^~~~~~~~~~~
C:/Users/vikak/AppData/Local/Arm/Packs/Keil/STM32F1xx_DFP/2.4.0/Device/StdPeriph_Driver/inc\stm32f10x_gpio.h(139): note: expanded from macro 'GPIO_Pin_13'
#define GPIO_Pin_13                ((uint16_t)0x2000)  /*!< Pin 13 selected */
                                    ^         ~~~~~~
main.cpp(34): warning: use of old-style cast [-Wold-style-cast]
                  GPIO_SetBits(GPIOB, GPIO_Pin_13);               
                               ^~~~~
C:/Users/vikak/AppData/Local/Arm/Packs/Keil/STM32F1xx_DFP/2.4.0/Device/Include\stm32f10x.h(1417): note: expanded from macro 'GPIOB'
#define GPIOB               ((GPIO_TypeDef *) GPIOB_BASE)
                                              ^~~~~~~~~~
C:/Users/vikak/AppData/Local/Arm/Packs/Keil/STM32F1xx_DFP/2.4.0/Device/Include\stm32f10x.h(1324): note: expanded from macro 'GPIOB_BASE'
#define GPIOB_BASE            (APB2PERIPH_BASE + 0x0C00)
                               ^~~~~~~~~~~~~~~
C:/Users/vikak/AppData/Local/Arm/Packs/Keil/STM32F1xx_DFP/2.4.0/Device/Include\stm32f10x.h(1291): note: expanded from macro 'APB2PERIPH_BASE'
#define APB2PERIPH_BASE       (PERIPH_BASE + 0x10000)
                               ^~~~~~~~~~~
C:/Users/vikak/AppData/Local/Arm/Packs/Keil/STM32F1xx_DFP/2.4.0/Device/Include\stm32f10x.h(1282): note: expanded from macro 'PERIPH_BASE'
#define PERIPH_BASE           ((uint32_t)0x40000000) /*!< Peripheral base address in the alias region */
                               ^         ~~~~~~~~~~
main.cpp(34): warning: use of old-style cast [-Wold-style-cast]
                  GPIO_SetBits(GPIOB, GPIO_Pin_13);               
                               ^~~~~
C:/Users/vikak/AppData/Local/Arm/Packs/Keil/STM32F1xx_DFP/2.4.0/Device/Include\stm32f10x.h(1417): note: expanded from macro 'GPIOB'
#define GPIOB               ((GPIO_TypeDef *) GPIOB_BASE)
                             ^                ~~~~~~~~~~
main.cpp(34): warning: use of old-style cast [-Wold-style-cast]
                  GPIO_SetBits(GPIOB, GPIO_Pin_13);               
                                      ^~~~~~~~~~~
C:/Users/vikak/AppData/Local/Arm/Packs/Keil/STM32F1xx_DFP/2.4.0/Device/StdPeriph_Driver/inc\stm32f10x_gpio.h(139): note: expanded from macro 'GPIO_Pin_13'
#define GPIO_Pin_13                ((uint16_t)0x2000)  /*!< Pin 13 selected */
                                    ^         ~~~~~~
main.cpp(38): warning: use of old-style cast [-Wold-style-cast]
                  GPIO_ResetBits(GPIOB, GPIO_Pin_13);     
                                 ^~~~~
C:/Users/vikak/AppData/Local/Arm/Packs/Keil/STM32F1xx_DFP/2.4.0/Device/Include\stm32f10x.h(1417): note: expanded from macro 'GPIOB'
#define GPIOB               ((GPIO_TypeDef *) GPIOB_BASE)
                                              ^~~~~~~~~~
C:/Users/vikak/AppData/Local/Arm/Packs/Keil/STM32F1xx_DFP/2.4.0/Device/Include\stm32f10x.h(1324): note: expanded from macro 'GPIOB_BASE'
#define GPIOB_BASE            (APB2PERIPH_BASE + 0x0C00)
                               ^~~~~~~~~~~~~~~
C:/Users/vikak/AppData/Local/Arm/Packs/Keil/STM32F1xx_DFP/2.4.0/Device/Include\stm32f10x.h(1291): note: expanded from macro 'APB2PERIPH_BASE'
#define APB2PERIPH_BASE       (PERIPH_BASE + 0x10000)
                               ^~~~~~~~~~~
C:/Users/vikak/AppData/Local/Arm/Packs/Keil/STM32F1xx_DFP/2.4.0/Device/Include\stm32f10x.h(1282): note: expanded from macro 'PERIPH_BASE'
#define PERIPH_BASE           ((uint32_t)0x40000000) /*!< Peripheral base address in the alias region */
                               ^         ~~~~~~~~~~
main.cpp(38): warning: use of old-style cast [-Wold-style-cast]
                  GPIO_ResetBits(GPIOB, GPIO_Pin_13);     
                                 ^~~~~
C:/Users/vikak/AppData/Local/Arm/Packs/Keil/STM32F1xx_DFP/2.4.0/Device/Include\stm32f10x.h(1417): note: expanded from macro 'GPIOB'
#define GPIOB               ((GPIO_TypeDef *) GPIOB_BASE)
                             ^                ~~~~~~~~~~
main.cpp(38): warning: use of old-style cast [-Wold-style-cast]
                  GPIO_ResetBits(GPIOB, GPIO_Pin_13);     
                                        ^~~~~~~~~~~
C:/Users/vikak/AppData/Local/Arm/Packs/Keil/STM32F1xx_DFP/2.4.0/Device/StdPeriph_Driver/inc\stm32f10x_gpio.h(139): note: expanded from macro 'GPIO_Pin_13'
#define GPIO_Pin_13                ((uint16_t)0x2000)  /*!< Pin 13 selected */
                                    ^         ~~~~~~
main.cpp(43): warning: no newline at end of file [-Wnewline-eof]
}
 ^
15 warnings generated.
compiling main.cpp...
compiling stm32f10x_gpio.c...
compiling stm32f10x_rcc.c...
C:/Users/vikak/AppData/Local/Arm/Packs/Keil/STM32F1xx_DFP/2.4.0/Device/StdPeriph_Driver/src/stm32f10x_tim.c(22): warning: In file included from...
C:/Users/vikak/AppData/Local/Arm/Packs/Keil/STM32F1xx_DFP/2.4.0/Device/StdPeriph_Driver/inc\stm32f10x_tim.h(50): warning: padding size of 'TIM_TimeBaseInitTypeDef' with 1 byte to alignment boundary [-Wpadded]
typedef struct
        ^
C:/Users/vikak/AppData/Local/Arm/Packs/Keil/STM32F1xx_DFP/2.4.0/Device/StdPeriph_Driver/src/stm32f10x_tim.c(725): warning: implicit conversion loses integer precision: 'unsigned int' to 'uint16_t' (aka 'unsigned short') [-Wimplicit-int-conversion]
             TIM_BDTRInitStruct->TIM_Break | TIM_BDTRInitStruct->TIM_BreakPolarity |
             ~~~~~~~~~~~~~~~~~~~~~~~~~~~~~~~~~~~~~~~~~~~~~~~~~~~~~~~~~~~~~~~~~~~~~~^
C:/Users/vikak/AppData/Local/Arm/Packs/Keil/STM32F1xx_DFP/2.4.0/Device/StdPeriph_Driver/src/stm32f10x_tim.c(1982): warning: implicit conversion loses integer precision: 'int' to 'uint16_t' (aka 'unsigned short') [-Wimplicit-int-conversion]
  tmp = CCER_CCE_Set << TIM_Channel;
      ~ ~~~~~~~~~~~~~^~~~~~~~~~~~~~
C:/Users/vikak/AppData/Local/Arm/Packs/Keil/STM32F1xx_DFP/2.4.0/Device/StdPeriph_Driver/src/stm32f10x_tim.c(2012): warning: implicit conversion loses integer precision: 'int' to 'uint16_t' (aka 'unsigned short') [-Wimplicit-int-conversion]
  tmp = CCER_CCNE_Set << TIM_Channel;
      ~ ~~~~~~~~~~~~~~^~~~~~~~~~~~~~
C:/Users/vikak/AppData/Local/Arm/Packs/Keil/STM32F1xx_DFP/2.4.0/Device/StdPeriph_Driver/src/stm32f10x_tim.c(2057): warning: implicit conversion loses integer precision: 'int' to 'uint16_t' (aka 'unsigned short') [-Wimplicit-int-conversion]
  tmp1 = CCER_CCE_Set << (uint16_t)TIM_Channel;
       ~ ~~~~~~~~~~~~~^~~~~~~~~~~~~~~~~~~~~~~~
5 warnings generated.
compiling stm32f10x_tim.c...
linking...
Program Size: Code=1352 RO-data=252 RW-data=0 ZI-data=1632  
".\Objects\Lab1.axf" - 0 Error(s), 22 Warning(s).

<h2>Software Packages used:</h2>

Package Vendor: ARM
                http://www.keil.com/pack/ARM.CMSIS.5.9.0.pack
                ARM.CMSIS.5.9.0
                CMSIS (Common Microcontroller Software Interface Standard)
   * Component: CORE Version: 5.6.0

Package Vendor: Keil
                http://www.keil.com/pack/Keil.STM32F1xx_DFP.2.4.0.pack
                Keil.STM32F1xx_DFP.2.4.0
                STMicroelectronics STM32F1 Series Device Support, Drivers and Examples
   * Component: Startup Version: 1.0.0
   * Component: Framework Version: 3.6.0
   * Component: GPIO Version: 3.6.0
   * Component: RCC Version: 3.6.0
   * Component: TIM Version: 3.6.0

<h2>Collection of Component include folders:</h2>
  ./RTE/Device/STM32F103C8
  ./RTE/_Target_1
  C:/Users/vikak/AppData/Local/Arm/Packs/ARM/CMSIS/5.9.0/CMSIS/Core/Include
  C:/Users/vikak/AppData/Local/Arm/Packs/Keil/STM32F1xx_DFP/2.4.0/Device/Include
  C:/Users/vikak/AppData/Local/Arm/Packs/Keil/STM32F1xx_DFP/2.4.0/Device/StdPeriph_Driver/inc

<h2>Collection of Component Files used:</h2>

   * Component: ARM::CMSIS:CORE:5.6.0

   * Component: Keil::Device:Startup:1.0.0
      Source file:   Device/Source/ARM/STM32F1xx_OPT.s
      Include file:  RTE_Driver/Config/RTE_Device.h
      Source file:   Device/Source/system_stm32f10x.c
      Source file:   Device/Source/ARM/startup_stm32f10x_md.s

   * Component: Keil::Device:StdPeriph Drivers:Framework:3.6.0
      Include file:  Device/StdPeriph_Driver/inc/misc.h
      Include file:  Device/StdPeriph_Driver/templates/stm32f10x_it.h
      Source file:   Device/StdPeriph_Driver/templates/stm32f10x_conf.h
      Source file:   Device/StdPeriph_Driver/src/misc.c
      Source file:   Device/StdPeriph_Driver/templates/stm32f10x_it.c

   * Component: Keil::Device:StdPeriph Drivers:GPIO:3.6.0
      Include file:  Device/StdPeriph_Driver/inc/stm32f10x_gpio.h
      Source file:   Device/StdPeriph_Driver/src/stm32f10x_gpio.c

   * Component: Keil::Device:StdPeriph Drivers:RCC:3.6.0
      Include file:  Device/StdPeriph_Driver/inc/stm32f10x_rcc.h
      Source file:   Device/StdPeriph_Driver/src/stm32f10x_rcc.c

   * Component: Keil::Device:StdPeriph Drivers:TIM:3.6.0
      Source file:   Device/StdPeriph_Driver/src/stm32f10x_tim.c
      Include file:  Device/StdPeriph_Driver/inc/stm32f10x_tim.h
Build Time Elapsed:  00:00:00
</pre>
</body>
</html>
